
> calcguide-vite@0.0.0 build
> npm run build:client && npm run build:server && npm run generate


> calcguide-vite@0.0.0 build:client
> vite build --outDir dist/static

[36mvite v7.3.1 [32mbuilding client environment for production...[36m[39m
transforming...
node.exe : [33mnode_modules/rea
ct-helmet-async/lib/index.module
.js (1:7186): A comment
At line:1 char:1
+ & "C:\Program 
Files\nodejs/node.exe" "C:\Users
\sonyo\AppData\Roaming\ ...
+ ~~~~~~~~~~~~~~~~~~~~~~~~~~~~~~
~~~~~~~~~~~~~~~~~~~~~~~~~~~~~~~~
~~~~~~~
    + CategoryInfo          : N 
   otSpecified: ([33mnode_mod  
  ul...186): A comment:String   
 ) [], RemoteException
    + FullyQualifiedErrorId : N 
   ativeCommandError
 

"/*#__PURE__*/"

in "node_modules/react-helmet-as
ync/lib/index.module.js" 
contains an annotation that 
Rollup cannot interpret due to 
the position of the comment. 
The comment will be removed to 
avoid issues.[39m
[33mnode_modules/react-helmet-a
sync/lib/index.module.js 
(1:13561): A comment

"/*#__PURE__*/"

in "node_modules/react-helmet-as
ync/lib/index.module.js" 
contains an annotation that 
Rollup cannot interpret due to 
the position of the comment. 
The comment will be removed to 
avoid issues.[39m
[32mΓ£ô[39m 108 modules transformed.
[33m[plugin vite:reporter] 
(!) C:/Users/sonyo/Desktop/AntiC
alsc/calcguide-vite/src/pages/EM
ICalculator.jsx is dynamically 
imported by C:/Users/sonyo/Deskt
op/AntiCalsc/calcguide-vite/src/
pages/Home.jsx but also 
statically imported by C:/Users/
sonyo/Desktop/AntiCalsc/calcguid
e-vite/src/routes/routesConfig.j
sx, dynamic import will not 
move module into another chunk.
[39m
[33m[plugin vite:reporter] 
(!) C:/Users/sonyo/Desktop/AntiC
alsc/calcguide-vite/src/pages/Lo
anEligibility.jsx is 
dynamically imported by C:/Users
/sonyo/Desktop/AntiCalsc/calcgui
de-vite/src/pages/Home.jsx but 
also statically imported by C:/U
sers/sonyo/Desktop/AntiCalsc/cal
cguide-vite/src/routes/routesCon
fig.jsx, dynamic import will 
not move module into another 
chunk.
[39m
[33m[plugin vite:reporter] 
(!) C:/Users/sonyo/Desktop/AntiC
alsc/calcguide-vite/src/pages/Vi
llageInterestCalculator.jsx is 
dynamically imported by C:/Users
/sonyo/Desktop/AntiCalsc/calcgui
de-vite/src/pages/Home.jsx but 
also statically imported by C:/U
sers/sonyo/Desktop/AntiCalsc/cal
cguide-vite/src/routes/routesCon
fig.jsx, dynamic import will 
not move module into another 
chunk.
[39m
[33m[plugin vite:reporter] 
(!) C:/Users/sonyo/Desktop/AntiC
alsc/calcguide-vite/src/pages/SI
PCalculator.jsx is dynamically 
imported by C:/Users/sonyo/Deskt
op/AntiCalsc/calcguide-vite/src/
pages/Home.jsx but also 
statically imported by C:/Users/
sonyo/Desktop/AntiCalsc/calcguid
e-vite/src/routes/routesConfig.j
sx, dynamic import will not 
move module into another chunk.
[39m
[33m[plugin vite:reporter] 
(!) C:/Users/sonyo/Desktop/AntiC
alsc/calcguide-vite/src/pages/SI
P1CrCalculator.jsx is 
dynamically imported by C:/Users
/sonyo/Desktop/AntiCalsc/calcgui
de-vite/src/pages/Home.jsx but 
also statically imported by C:/U
sers/sonyo/Desktop/AntiCalsc/cal
cguide-vite/src/routes/routesCon
fig.jsx, dynamic import will 
not move module into another 
chunk.
[39m
[33m[plugin vite:reporter] 
(!) C:/Users/sonyo/Desktop/AntiC
alsc/calcguide-vite/src/pages/FD
Calculator.jsx is dynamically 
imported by C:/Users/sonyo/Deskt
op/AntiCalsc/calcguide-vite/src/
pages/Home.jsx but also 
statically imported by C:/Users/
sonyo/Desktop/AntiCalsc/calcguid
e-vite/src/routes/routesConfig.j
sx, dynamic import will not 
move module into another chunk.
[39m
[33m[plugin vite:reporter] 
(!) C:/Users/sonyo/Desktop/AntiC
alsc/calcguide-vite/src/pages/RD
Calculator.jsx is dynamically 
imported by C:/Users/sonyo/Deskt
op/AntiCalsc/calcguide-vite/src/
pages/Home.jsx but also 
statically imported by C:/Users/
sonyo/Desktop/AntiCalsc/calcguid
e-vite/src/routes/routesConfig.j
sx, dynamic import will not 
move module into another chunk.
[39m
[33m[plugin vite:reporter] 
(!) C:/Users/sonyo/Desktop/AntiC
alsc/calcguide-vite/src/pages/Si
mpleInterestCalculator.jsx is 
dynamically imported by C:/Users
/sonyo/Desktop/AntiCalsc/calcgui
de-vite/src/pages/Home.jsx but 
also statically imported by C:/U
sers/sonyo/Desktop/AntiCalsc/cal
cguide-vite/src/routes/routesCon
fig.jsx, dynamic import will 
not move module into another 
chunk.
[39m
[33m[plugin vite:reporter] 
(!) C:/Users/sonyo/Desktop/AntiC
alsc/calcguide-vite/src/pages/Co
mpoundInterestCalculator.jsx is 
dynamically imported by C:/Users
/sonyo/Desktop/AntiCalsc/calcgui
de-vite/src/pages/Home.jsx but 
also statically imported by C:/U
sers/sonyo/Desktop/AntiCalsc/cal
cguide-vite/src/routes/routesCon
fig.jsx, dynamic import will 
not move module into another 
chunk.
[39m
[33m[plugin vite:reporter] 
(!) C:/Users/sonyo/Desktop/AntiC
alsc/calcguide-vite/src/pages/Go
ldJewelleryCalculator.jsx is 
dynamically imported by C:/Users
/sonyo/Desktop/AntiCalsc/calcgui
de-vite/src/pages/Home.jsx but 
also statically imported by C:/U
sers/sonyo/Desktop/AntiCalsc/cal
cguide-vite/src/routes/routesCon
fig.jsx, dynamic import will 
not move module into another 
chunk.
[39m
[33m[plugin vite:reporter] 
(!) C:/Users/sonyo/Desktop/AntiC
alsc/calcguide-vite/src/pages/Ol
dGoldCalculator.jsx is 
dynamically imported by C:/Users
/sonyo/Desktop/AntiCalsc/calcgui
de-vite/src/pages/Home.jsx but 
also statically imported by C:/U
sers/sonyo/Desktop/AntiCalsc/cal
cguide-vite/src/routes/routesCon
fig.jsx, dynamic import will 
not move module into another 
chunk.
[39m
[33m[plugin vite:reporter] 
(!) C:/Users/sonyo/Desktop/AntiC
alsc/calcguide-vite/src/pages/Co
nstructionCostCalculator.jsx is 
dynamically imported by C:/Users
/sonyo/Desktop/AntiCalsc/calcgui
de-vite/src/pages/Home.jsx but 
also statically imported by C:/U
sers/sonyo/Desktop/AntiCalsc/cal
cguide-vite/src/routes/routesCon
fig.jsx, dynamic import will 
not move module into another 
chunk.
[39m
[33m[plugin vite:reporter] 
(!) C:/Users/sonyo/Desktop/AntiC
alsc/calcguide-vite/src/pages/Br
ickCalculator.jsx is 
dynamically imported by C:/Users
/sonyo/Desktop/AntiCalsc/calcgui
de-vite/src/pages/Home.jsx but 
also statically imported by C:/U
sers/sonyo/Desktop/AntiCalsc/cal
cguide-vite/src/routes/routesCon
fig.jsx, dynamic import will 
not move module into another 
chunk.
[39m
[33m[plugin vite:reporter] 
(!) C:/Users/sonyo/Desktop/AntiC
alsc/calcguide-vite/src/pages/La
ndAreaConverter.jsx is 
dynamically imported by C:/Users
/sonyo/Desktop/AntiCalsc/calcgui
de-vite/src/pages/Home.jsx but 
also statically imported by C:/U
sers/sonyo/Desktop/AntiCalsc/cal
cguide-vite/src/routes/routesCon
fig.jsx, dynamic import will 
not move module into another 
chunk.
[39m
[33m[plugin vite:reporter] 
(!) C:/Users/sonyo/Desktop/AntiC
alsc/calcguide-vite/src/pages/Pe
rcentageCalculator.jsx is 
dynamically imported by C:/Users
/sonyo/Desktop/AntiCalsc/calcgui
de-vite/src/pages/Home.jsx but 
also statically imported by C:/U
sers/sonyo/Desktop/AntiCalsc/cal
cguide-vite/src/routes/routesCon
fig.jsx, dynamic import will 
not move module into another 
chunk.
[39m
[33m[plugin vite:reporter] 
(!) C:/Users/sonyo/Desktop/AntiC
alsc/calcguide-vite/src/pages/Da
teDifferenceCalculator.jsx is 
dynamically imported by C:/Users
/sonyo/Desktop/AntiCalsc/calcgui
de-vite/src/pages/Home.jsx but 
also statically imported by C:/U
sers/sonyo/Desktop/AntiCalsc/cal
cguide-vite/src/routes/routesCon
fig.jsx, dynamic import will 
not move module into another 
chunk.
[39m
[33m[plugin vite:reporter] 
(!) C:/Users/sonyo/Desktop/AntiC
alsc/calcguide-vite/src/pages/Ag
eCalculator.jsx is dynamically 
imported by C:/Users/sonyo/Deskt
op/AntiCalsc/calcguide-vite/src/
pages/Home.jsx but also 
statically imported by C:/Users/
sonyo/Desktop/AntiCalsc/calcguid
e-vite/src/routes/routesConfig.j
sx, dynamic import will not 
move module into another chunk.
[39m
[33m[plugin vite:reporter] 
(!) C:/Users/sonyo/Desktop/AntiC
alsc/calcguide-vite/src/pages/Ex
amEligibility.jsx is 
dynamically imported by C:/Users
/sonyo/Desktop/AntiCalsc/calcgui
de-vite/src/pages/Home.jsx but 
also statically imported by C:/U
sers/sonyo/Desktop/AntiCalsc/cal
cguide-vite/src/routes/routesCon
fig.jsx, dynamic import will 
not move module into another 
chunk.
[39m
rendering chunks...
computing gzip size...
[2mdist/static/[22m[32mindex.html                 [39m[1m[2m  0.62 kB[22m[1m[22m[2m Γöé gzip:   0.33 kB[22m
[2mdist/static/[22m[35massets/index-BWE5uZp7.css  [39m[1m[2m 38.80 kB[22m[1m[22m[2m Γöé gzip:   7.30 kB[22m
[2mdist/static/[22m[36massets/index-BB_2Ut7W.js   [39m[1m[33m517.90 kB[39m[22m[2m Γöé gzip: 136.14 kB[22m
[33m
(!) Some chunks are larger than 
500 kB after minification. 
Consider:
- Using dynamic import() to 
code-split the application
- Use build.rollupOptions.output
.manualChunks to improve 
chunking: https://rollupjs.org/c
onfiguration-options/#output-man
ualchunks
- Adjust chunk size limit for 
this warning via build.chunkSize
WarningLimit.[39m
[32mΓ£ô built in 2.46s[39m

> calcguide-vite@0.0.0 build:server
> vite build --ssr src/entry-server.jsx --outDir dist/server --emptyOutDir false

[36mvite v7.3.1 [32mbuilding ssr environment for production...[36m[39m
transforming...
[33m"Navigate" is imported 
from external module 
"react-router-dom" but never 
used in "src/routes/routesConfig
.jsx".[39m
[32mΓ£ô[39m 56 modules transformed.
[33m[plugin vite:reporter] 
(!) C:/Users/sonyo/Desktop/AntiC
alsc/calcguide-vite/src/pages/EM
ICalculator.jsx is dynamically 
imported by C:/Users/sonyo/Deskt
op/AntiCalsc/calcguide-vite/src/
pages/Home.jsx but also 
statically imported by C:/Users/
sonyo/Desktop/AntiCalsc/calcguid
e-vite/src/routes/routesConfig.j
sx, dynamic import will not 
move module into another chunk.
[39m
[33m[plugin vite:reporter] 
(!) C:/Users/sonyo/Desktop/AntiC
alsc/calcguide-vite/src/pages/Lo
anEligibility.jsx is 
dynamically imported by C:/Users
/sonyo/Desktop/AntiCalsc/calcgui
de-vite/src/pages/Home.jsx but 
also statically imported by C:/U
sers/sonyo/Desktop/AntiCalsc/cal
cguide-vite/src/routes/routesCon
fig.jsx, dynamic import will 
not move module into another 
chunk.
[39m
[33m[plugin vite:reporter] 
(!) C:/Users/sonyo/Desktop/AntiC
alsc/calcguide-vite/src/pages/Vi
llageInterestCalculator.jsx is 
dynamically imported by C:/Users
/sonyo/Desktop/AntiCalsc/calcgui
de-vite/src/pages/Home.jsx but 
also statically imported by C:/U
sers/sonyo/Desktop/AntiCalsc/cal
cguide-vite/src/routes/routesCon
fig.jsx, dynamic import will 
not move module into another 
chunk.
[39m
[33m[plugin vite:reporter] 
(!) C:/Users/sonyo/Desktop/AntiC
alsc/calcguide-vite/src/pages/SI
PCalculator.jsx is dynamically 
imported by C:/Users/sonyo/Deskt
op/AntiCalsc/calcguide-vite/src/
pages/Home.jsx but also 
statically imported by C:/Users/
sonyo/Desktop/AntiCalsc/calcguid
e-vite/src/routes/routesConfig.j
sx, dynamic import will not 
move module into another chunk.
[39m
[33m[plugin vite:reporter] 
(!) C:/Users/sonyo/Desktop/AntiC
alsc/calcguide-vite/src/pages/SI
P1CrCalculator.jsx is 
dynamically imported by C:/Users
/sonyo/Desktop/AntiCalsc/calcgui
de-vite/src/pages/Home.jsx but 
also statically imported by C:/U
sers/sonyo/Desktop/AntiCalsc/cal
cguide-vite/src/routes/routesCon
fig.jsx, dynamic import will 
not move module into another 
chunk.
[39m
[33m[plugin vite:reporter] 
(!) C:/Users/sonyo/Desktop/AntiC
alsc/calcguide-vite/src/pages/FD
Calculator.jsx is dynamically 
imported by C:/Users/sonyo/Deskt
op/AntiCalsc/calcguide-vite/src/
pages/Home.jsx but also 
statically imported by C:/Users/
sonyo/Desktop/AntiCalsc/calcguid
e-vite/src/routes/routesConfig.j
sx, dynamic import will not 
move module into another chunk.
[39m
[33m[plugin vite:reporter] 
(!) C:/Users/sonyo/Desktop/AntiC
alsc/calcguide-vite/src/pages/RD
Calculator.jsx is dynamically 
imported by C:/Users/sonyo/Deskt
op/AntiCalsc/calcguide-vite/src/
pages/Home.jsx but also 
statically imported by C:/Users/
sonyo/Desktop/AntiCalsc/calcguid
e-vite/src/routes/routesConfig.j
sx, dynamic import will not 
move module into another chunk.
[39m
rendering chunks...
[33m[plugin vite:reporter] 
(!) C:/Users/sonyo/Desktop/AntiC
alsc/calcguide-vite/src/pages/Si
mpleInterestCalculator.jsx is 
dynamically imported by C:/Users
/sonyo/Desktop/AntiCalsc/calcgui
de-vite/src/pages/Home.jsx but 
also statically imported by C:/U
sers/sonyo/Desktop/AntiCalsc/cal
cguide-vite/src/routes/routesCon
fig.jsx, dynamic import will 
not move module into another 
chunk.
[39m
[2mdist/server/[22m[36mentry-server.js  [39m[1m[2m384.60 kB[22m[1m[22m
[33m[plugin vite:reporter] 
(!) C:/Users/sonyo/Desktop/AntiC
alsc/calcguide-vite/src/pages/Co
mpoundInterestCalculator.jsx is 
dynamically imported by C:/Users
/sonyo/Desktop/AntiCalsc/calcgui
de-vite/src/pages/Home.jsx but 
also statically imported by C:/U
sers/sonyo/Desktop/AntiCalsc/cal
cguide-vite/src/routes/routesCon
fig.jsx, dynamic import will 
not move module into another 
chunk.
[39m
[33m[plugin vite:reporter] 
(!) C:/Users/sonyo/Desktop/AntiC
alsc/calcguide-vite/src/pages/Go
ldJewelleryCalculator.jsx is 
dynamically imported by C:/Users
/sonyo/Desktop/AntiCalsc/calcgui
de-vite/src/pages/Home.jsx but 
also statically imported by C:/U
sers/sonyo/Desktop/AntiCalsc/cal
cguide-vite/src/routes/routesCon
fig.jsx, dynamic import will 
not move module into another 
chunk.
[39m
[33m[plugin vite:reporter] 
(!) C:/Users/sonyo/Desktop/AntiC
alsc/calcguide-vite/src/pages/Ol
dGoldCalculator.jsx is 
dynamically imported by C:/Users
/sonyo/Desktop/AntiCalsc/calcgui
de-vite/src/pages/Home.jsx but 
also statically imported by C:/U
sers/sonyo/Desktop/AntiCalsc/cal
cguide-vite/src/routes/routesCon
fig.jsx, dynamic import will 
not move module into another 
chunk.
[39m
[33m[plugin vite:reporter] 
(!) C:/Users/sonyo/Desktop/AntiC
alsc/calcguide-vite/src/pages/Co
nstructionCostCalculator.jsx is 
dynamically imported by C:/Users
/sonyo/Desktop/AntiCalsc/calcgui
de-vite/src/pages/Home.jsx but 
also statically imported by C:/U
sers/sonyo/Desktop/AntiCalsc/cal
cguide-vite/src/routes/routesCon
fig.jsx, dynamic import will 
not move module into another 
chunk.
[39m
[33m[plugin vite:reporter] 
(!) C:/Users/sonyo/Desktop/AntiC
alsc/calcguide-vite/src/pages/Br
ickCalculator.jsx is 
dynamically imported by C:/Users
/sonyo/Desktop/AntiCalsc/calcgui
de-vite/src/pages/Home.jsx but 
also statically imported by C:/U
sers/sonyo/Desktop/AntiCalsc/cal
cguide-vite/src/routes/routesCon
fig.jsx, dynamic import will 
not move module into another 
chunk.
[39m
[33m[plugin vite:reporter] 
(!) C:/Users/sonyo/Desktop/AntiC
alsc/calcguide-vite/src/pages/La
ndAreaConverter.jsx is 
dynamically imported by C:/Users
/sonyo/Desktop/AntiCalsc/calcgui
de-vite/src/pages/Home.jsx but 
also statically imported by C:/U
sers/sonyo/Desktop/AntiCalsc/cal
cguide-vite/src/routes/routesCon
fig.jsx, dynamic import will 
not move module into another 
chunk.
[39m
[33m[plugin vite:reporter] 
(!) C:/Users/sonyo/Desktop/AntiC
alsc/calcguide-vite/src/pages/Pe
rcentageCalculator.jsx is 
dynamically imported by C:/Users
/sonyo/Desktop/AntiCalsc/calcgui
de-vite/src/pages/Home.jsx but 
also statically imported by C:/U
sers/sonyo/Desktop/AntiCalsc/cal
cguide-vite/src/routes/routesCon
fig.jsx, dynamic import will 
not move module into another 
chunk.
[39m
[33m[plugin vite:reporter] 
(!) C:/Users/sonyo/Desktop/AntiC
alsc/calcguide-vite/src/pages/Da
teDifferenceCalculator.jsx is 
dynamically imported by C:/Users
/sonyo/Desktop/AntiCalsc/calcgui
de-vite/src/pages/Home.jsx but 
also statically imported by C:/U
sers/sonyo/Desktop/AntiCalsc/cal
cguide-vite/src/routes/routesCon
fig.jsx, dynamic import will 
not move module into another 
chunk.
[39m
[33m[plugin vite:reporter] 
(!) C:/Users/sonyo/Desktop/AntiC
alsc/calcguide-vite/src/pages/Ag
eCalculator.jsx is dynamically 
imported by C:/Users/sonyo/Deskt
op/AntiCalsc/calcguide-vite/src/
pages/Home.jsx but also 
statically imported by C:/Users/
sonyo/Desktop/AntiCalsc/calcguid
e-vite/src/routes/routesConfig.j
sx, dynamic import will not 
move module into another chunk.
[39m
[33m[plugin vite:reporter] 
(!) C:/Users/sonyo/Desktop/AntiC
alsc/calcguide-vite/src/pages/Ex
amEligibility.jsx is 
dynamically imported by C:/Users
/sonyo/Desktop/AntiCalsc/calcgui
de-vite/src/pages/Home.jsx but 
also statically imported by C:/U
sers/sonyo/Desktop/AntiCalsc/cal
cguide-vite/src/routes/routesCon
fig.jsx, dynamic import will 
not move module into another 
chunk.
[39m
[32mΓ£ô built in 436ms[39m

> calcguide-vite@0.0.0 generate
> node prerender.js

Prerendering 35 routes...
DEBUG HTML for failed route: /
<link rel="preload" as="image" href="/logo.png"/><div class="min-h-screen bg-slate-50 flex flex-col font-sans text-slate-900"><header class="fixed top-0 inset-x-0 z-50 bg-white border-b border-slate-200 shadow-[0_2px_10px_-2px_rgba(0,0,0,0.05)]"><div class="max-w-7xl mx-auto px-4 sm:px-6 lg:px-8"><div class="flex items-center justify-between h-16"><div class="flex items-center"><a class="flex items-center group" href="/" data-discover="true"><img src="/logo.png" alt="CalcGuide Logo" class="h-10 
DEBUG HELMET OBJECT: {"priority":{},"base":{},"bodyAttributes":{},"htmlAttributes":{},"link":{},"meta":{},"noscript":{},"script":{},"style":{},"title":{}}
SeoHead: canonicalPath is 
required
MetaManager: canonical prop is 
required for SSR compatibility
MetaManager: canonical prop is 
required for SSR compatibility
MetaManager: canonical prop is 
required for SSR compatibility
SeoHead: canonicalPath is 
required
MetaManager: canonical prop is 
required for SSR compatibility
MetaManager: canonical prop is 
required for SSR compatibility
MetaManager: canonical prop is 
required for SSR compatibility
Expected Routes: 35
Generated HTML Files: 35

Γ¥î BUILD FAILED: guardrails 
triggered
 - SEO ERROR: Missing title for 
/
 - SEO ERROR: Missing title for 
/loan-calculators
 - SEO ERROR: Missing title for 
/investment-calculators
 - SEO ERROR: Missing title for 
/sip-calculators
 - SEO ERROR: Missing title for 
/calculators/loan/emi-calculator
 - SEO ERROR: Missing title for 
/calculators/loan/loan-eligibili
ty
 - SEO ERROR: Missing title for 
/calculators/loan/village-intere
st-calculator
 - SEO ERROR: Missing title for 
/calculators/investment/sip-calc
ulator
 - SEO ERROR: Missing title for 
/calculators/investment/sip-1-cr
ore-calculator
 - SEO ERROR: Missing title for 
/calculators/investment/fd-calcu
lator
 - SEO ERROR: Missing title for 
/calculators/investment/rd-calcu
lator
 - SEO ERROR: Missing title for 
/calculators/investment/simple-i
nterest-calculator
 - SEO ERROR: Missing title for 
/calculators/investment/compound
-interest-calculator
 - SEO ERROR: Missing title for 
/calculators/gold/jewellery-pric
e-calculator
 - SEO ERROR: Missing title for 
/calculators/gold/old-gold-excha
nge-calculator
 - SEO ERROR: Missing title for 
/calculators/construction/constr
uction-cost-calculator
 - SEO ERROR: Missing title for 
/calculators/construction/brick-
calculator
 - SEO ERROR: Missing title for 
/calculators/construction/land-a
rea-converter
 - SEO ERROR: Missing title for 
/calculators/utility/percentage-
calculator
 - SEO ERROR: Missing title for 
/calculators/utility/date-differ
ence-calculator
 - SEO ERROR: Missing title for 
/calculators/utility/age-calcula
tor
 - SEO ERROR: Missing title for 
/calculators/utility/exam-eligib
ility-calculator
 - SEO ERROR: Missing meta 
description for /calculators/uti
lity/exam-eligibility-calculator
 - SEO ERROR: Missing title for 
/privacy-policy
 - SEO ERROR: Missing title for 
/terms-of-service
 - SEO ERROR: Missing meta 
description for 
/terms-of-service
 - SEO ERROR: Missing title for 
/feedback
 - SEO ERROR: Missing meta 
description for /feedback
 - SEO ERROR: Missing title for 
/sip-calculator-5000-per-month
 - SEO ERROR: Missing title for 
/sip-1-crore-calculator
 - SEO ERROR: Missing title for 
/fd-vs-sip-india
 - SEO ERROR: Missing title for 
/emi-calculator-home-loan-india
 - SEO ERROR: Missing meta 
description for 
/emi-calculator-home-loan-india
 - SEO ERROR: Missing title for 
/bigha-to-acre-uttar-pradesh
 - SEO ERROR: Missing title for 
/learn
 - SEO ERROR: Missing title for 
/learn/how-sip-returns-are-calcu
lated
 - SEO ERROR: Missing title for 
/learn/why-sip-beats-fd-long-ter
m
 - SEO ERROR: Missing title for 
/learn/how-village-interest-sood
-vaddi-works
